<!DOCTYPE html><html dir="rtl"><head>
</head>
<body>
  <script type="module">
import * as test from '../test-dependency/dep.js';</script>

</body></html>