<!DOCTYPE html><html><head>
    <script type="module">import * as test from "../../test-dependency/dep.js";</script>
  </head>

</html>