<!DOCTYPE html><html><head>
    <script type="module">import * as test from "./node_modules/test-dependency/dep.js";</script>
  </head>

</html>